
R version 4.2.1 (2022-06-23 ucrt) -- "Funny-Looking Kid"
Copyright (C) 2022 The R Foundation for Statistical Computing
Platform: x86_64-w64-mingw32/x64 (64-bit)

R is free software and comes with ABSOLUTELY NO WARRANTY.
You are welcome to redistribute it under certain conditions.
Type 'license()' or 'licence()' for distribution details.

  Natural language support but running in an English locale

R is a collaborative project with many contributors.
Type 'contributors()' for more information and
'citation()' on how to cite R or R packages in publications.

Type 'demo()' for some demos, 'help()' for on-line help, or
'help.start()' for an HTML browser interface to help.
Type 'q()' to quit R.

[Previously saved workspace restored]

> x = c(10, 20, 30, 25, 9, 26)
> print("Original Vectors:")
[1] "Original Vectors:"
> print(x)
[1] 10 20 30 25  9 26
> print("Sort in ascending order:")
[1] "Sort in ascending order:"
> print(sort(x))
[1]  9 10 20 25 26 30
> print("Sort in descending order:")
[1] "Sort in descending order:"
> print(sort(x, decreasing=TRUE))x = c(10, 20, 30, 25, 9, 26)
Error: unexpected symbol in "print(sort(x, decreasing=TRUE))x"
> print("Original Vectors:")
[1] "Original Vectors:"
> print(x)
[1] 10 20 30 25  9 26
> print("Sort in ascending order:")
[1] "Sort in ascending order:"
> print(sort(x))
[1]  9 10 20 25 26 30
> print("Sort in descending order:")
[1] "Sort in descending order:"
> print(sort(x, decreasing=TRUE))
[1] 30 26 25 20 10  9
> 
